mumsh $ mumsh $ mumsh $ error: duplicated input redirection
mumsh $ error: duplicated input redirection
mumsh $ exit
