mumsh $ non-exist: command not found
mumsh $ non-exist: command not found
mumsh $ exit
