mumsh $ error: duplicated output redirection
mumsh $ error: duplicated output redirection
mumsh $ error: duplicated output redirection
mumsh $ exit
