mumsh $ non-existing.txt: No such file or directory
mumsh $ exit
