mumsh $ mumsh $ syntax error near unexpected token `>'
mumsh $ syntax error near unexpected token `<'
mumsh $ syntax error near unexpected token `|'
mumsh $ exit
