mumsh $ /dev/permission_denied: Permission denied
mumsh $ exit
