mumsh $ mumsh $ mumsh $ mumsh $ mumsh $ 123
mumsh $ 222
mumsh $ 222
321
mumsh $ 321
mumsh $ 1.txt
2.txt
3.txt
4.txt
driver
mumsh
mumsh_memory_check
mumsh $ exit
