mumsh $ mumsh $ 321
mumsh $ 1.txt
driver
mumsh
mumsh_memory_check
mumsh $ exit
