mumsh $ 123

mumsh $ 
mumsh $ success
mumsh $ 
mumsh $ exit
