mumsh $ driver
mumsh
mumsh_memory_check
mumsh $ driver
mumsh
mumsh_memory_check
mumsh $ driver
mumsh
mumsh_memory_check
mumsh $ exit
