mumsh $ diff: missing operand after 'diff'
diff: Try 'diff --help' for more information.
mumsh $ exit
