mumsh $ non-existing: No such file or directory
mumsh $ exit
